============================= test session starts =============================
platform win32 -- Python 3.13.7, pytest-9.0.2, pluggy-1.6.0 -- C:\Users\Ryzen\AppData\Local\Programs\Python\Python313\python.exe
cachedir: .pytest_cache
rootdir: E:\Projects\Trend
plugins: anyio-4.13.0
collecting ... collected 19 items

tests/test_api.py::test_health_endpoint PASSED                           [  5%]
tests/test_api.py::test_trends_endpoint_returns_list FAILED              [ 10%]
tests/test_api.py::test_runs_endpoint_returns_list FAILED                [ 15%]
tests/test_collectors.py::test_hackernews_collector PASSED               [ 21%]
tests/test_collectors.py::test_reddit_free_collector PASSED              [ 26%]
tests/test_collectors.py::test_rss_collector PASSED                      [ 31%]
tests/test_collectors.py::test_github_trending_collector PASSED          [ 36%]
tests/test_collectors.py::test_amazon_suggest_collector PASSED           [ 42%]
tests/test_collectors.py::test_youtube_free_collector FAILED             [ 47%]
tests/test_collectors.py::test_google_trends_collector SKIPPED (pytr...) [ 52%]
tests/test_pipeline.py::test_normalizer PASSED                           [ 57%]
tests/test_pipeline.py::test_embedder PASSED                             [ 63%]
tests/test_pipeline.py::test_clusterer_returns_clusters FAILED           [ 68%]
tests/test_pipeline.py::test_classifier_assigns_niche PASSED             [ 73%]
tests/test_scorer.py::test_scorer_returns_all_clusters PASSED            [ 78%]
tests/test_scorer.py::test_scorer_adds_score_field PASSED                [ 84%]
tests/test_scorer.py::test_scorer_adds_urgency PASSED                    [ 89%]
tests/test_scorer.py::test_scorer_sorts_descending PASSED                [ 94%]
tests/test_scorer.py::test_scorer_no_db_uses_placeholder_novelty PASSED  [100%]

================================== FAILURES ===================================
______________________ test_trends_endpoint_returns_list ______________________

client = <starlette.testclient.TestClient object at 0x0000024B54135A90>

    def test_trends_endpoint_returns_list(client):
        with patch("db.crud.get_trends", return_value=[]):
            resp = client.get("/trends")
            assert resp.status_code == 200
>           assert isinstance(resp.json(), list)
E           AssertionError: assert False
E            +  where False = isinstance({'count': 0, 'trends': []}, list)
E            +    where {'count': 0, 'trends': []} = json()
E            +      where json = <Response [200 OK]>.json

tests\test_api.py:36: AssertionError
_______________________ test_runs_endpoint_returns_list _______________________

client = <starlette.testclient.TestClient object at 0x0000024B541ADD10>

    def test_runs_endpoint_returns_list(client):
>       with patch("db.crud.get_runs", return_value=[]):
             ^^^^^^^^^^^^^^^^^^^^^^^^^^^^^^^^^^^^^^^^^^

tests\test_api.py:40: 
_ _ _ _ _ _ _ _ _ _ _ _ _ _ _ _ _ _ _ _ _ _ _ _ _ _ _ _ _ _ _ _ _ _ _ _ _ _ _ _
C:\Users\Ryzen\AppData\Local\Programs\Python\Python313\Lib\unittest\mock.py:1497: in __enter__
    original, local = self.get_original()
                      ^^^^^^^^^^^^^^^^^^^
_ _ _ _ _ _ _ _ _ _ _ _ _ _ _ _ _ _ _ _ _ _ _ _ _ _ _ _ _ _ _ _ _ _ _ _ _ _ _ _

self = <unittest.mock._patch object at 0x0000024B5411C050>

    def get_original(self):
        target = self.getter()
        name = self.attribute
    
        original = DEFAULT
        local = False
    
        try:
            original = target.__dict__[name]
        except (AttributeError, KeyError):
            original = getattr(target, name, DEFAULT)
        else:
            local = True
    
        if name in _builtins and isinstance(target, ModuleType):
            self.create = True
    
        if not self.create and original is DEFAULT:
>           raise AttributeError(
                "%s does not have the attribute %r" % (target, name)
            )
E           AttributeError: <module 'db.crud' from 'E:\\Projects\\Trend\\db\\crud.py'> does not have the attribute 'get_runs'

C:\Users\Ryzen\AppData\Local\Programs\Python\Python313\Lib\unittest\mock.py:1467: AttributeError
_________________________ test_youtube_free_collector _________________________

    def test_youtube_free_collector():
        from collectors.youtube_free import YouTubeFreeCollector
>       _check(YouTubeFreeCollector().collect())

tests\test_collectors.py:44: 
_ _ _ _ _ _ _ _ _ _ _ _ _ _ _ _ _ _ _ _ _ _ _ _ _ _ _ _ _ _ _ _ _ _ _ _ _ _ _ _

signals = []

    def _check(signals):
        assert isinstance(signals, list), "collect() must return a list"
>       assert len(signals) > 0, "collect() returned no signals"
E       AssertionError: collect() returned no signals
E       assert 0 > 0
E        +  where 0 = len([])

tests\test_collectors.py:10: AssertionError
_______________________ test_clusterer_returns_clusters _______________________

    def test_clusterer_returns_clusters():
        from pipeline.normalizer import normalize
        from pipeline.embedder import embed_signals
        from pipeline.clusterer import cluster_signals
        signals = normalize(_make_signals())
        signals = embed_signals(signals)
        clusters = cluster_signals(signals)
>       assert len(clusters) >= 1
E       assert 0 >= 1
E        +  where 0 = len([])

tests\test_pipeline.py:55: AssertionError
---------------------------- Captured stderr call -----------------------------
\rBatches:   0%|          | 0/1 [00:00<?, ?it/s]\rBatches: 100%|\u2588\u2588\u2588\u2588\u2588\u2588\u2588\u2588\u2588\u2588| 1/1 [00:00<00:00, 184.58it/s]
============================== warnings summary ===============================
tests/test_pipeline.py::test_embedder
  <frozen importlib._bootstrap>:488: DeprecationWarning: builtin type SwigPyPacked has no __module__ attribute

tests/test_pipeline.py::test_embedder
  <frozen importlib._bootstrap>:488: DeprecationWarning: builtin type SwigPyObject has no __module__ attribute

tests/test_pipeline.py::test_embedder
  C:\Users\Ryzen\AppData\Local\Programs\Python\Python313\Lib\site-packages\huggingface_hub\file_download.py:138: UserWarning: `huggingface_hub` cache-system uses symlinks by default to efficiently store duplicated files but your machine does not support them in C:\Users\Ryzen\.cache\huggingface\hub\models--sentence-transformers--all-MiniLM-L6-v2. Caching files will still work but in a degraded version that might require more space on your disk. This warning can be disabled by setting the `HF_HUB_DISABLE_SYMLINKS_WARNING` environment variable. For more details, see https://huggingface.co/docs/huggingface_hub/how-to-cache#limitations.
  To support symlinks on Windows, you either need to activate Developer Mode or to run Python as an administrator. In order to activate developer mode, see this article: https://docs.microsoft.com/en-us/windows/apps/get-started/enable-your-device-for-development
    warnings.warn(message)

-- Docs: https://docs.pytest.org/en/stable/how-to/capture-warnings.html
=========================== short test summary info ===========================
FAILED tests/test_api.py::test_trends_endpoint_returns_list - AssertionError:...
FAILED tests/test_api.py::test_runs_endpoint_returns_list - AttributeError: <...
FAILED tests/test_collectors.py::test_youtube_free_collector - AssertionError...
FAILED tests/test_pipeline.py::test_clusterer_returns_clusters - assert 0 >= 1
============ 4 failed, 14 passed, 1 skipped, 3 warnings in 56.70s =============
pytest : <sys>:0: DeprecationWarning: builtin type swigvarlink has no __module__ attribute
In Zeile:1 Zeichen:1
+ pytest tests/ -v 2>&1 | tee test_output.txt
+ ~~~~~~~~~~~~~~~~~~~~~
    + CategoryInfo          : NotSpecified: (<sys>:0: Deprec...ule__ attribute:String) [], RemoteException
    + FullyQualifiedErrorId : NativeCommandError
 
